============================================================
L-curve: Hybrid + ApRES, ELL = 5.0 km (5000 m) (hires, vdeg=1, 500 iters)
  Recinos prior: δ=1.000e-05, γ=2.500e+02  (no 1/N normalization)
  Warm-start from inversion_hires_apres_vd1.h5
============================================================
Mesh: 67600 verts
  Sparse velocity: 330889 points (VOM after extrusion)
/home/andrew/venv-firedrake/lib/python3.10/site-packages/firedrake/mesh.py:3387: UserWarning: 26417 vertices are outside the mesh and have been removed from the VertexOnlyMesh.
  warn(str(error))
  Velocity VOM: 304472 points at ζ=1
Warm start from inversion_hires_apres_vd1.h5: θ_A=[-3.43, 2.25], θ_C=[-1.68, 9.75]
Primed OK
ApRES: 479 VOM points (N_apr=479)

L-BFGS-B (135200 DOFs, 500 iters)...
/home/andrew/projects/vertical_velocity/scripts/lcurve_hybrid_apres.py:316: OptimizeWarning: Unknown solver options: pgtol
  result = scipy_minimize(
  iter  20: Jv=2.869e+06 Ja=8.015e+03 R=1.881e+06 |g|=1.193e+05
  iter  40: Jv=1.935e+06 Ja=1.103e+04 R=1.343e+06 |g|=1.191e+05
  iter  60: Jv=1.592e+06 Ja=1.110e+04 R=1.249e+06 |g|=6.585e+04
  iter  80: Jv=1.448e+06 Ja=1.028e+04 R=1.138e+06 |g|=7.130e+04
  iter 100: Jv=1.293e+06 Ja=1.019e+04 R=1.110e+06 |g|=3.784e+04
  iter 120: Jv=1.167e+06 Ja=1.055e+04 R=1.109e+06 |g|=3.806e+04
  iter 140: Jv=1.136e+06 Ja=1.071e+04 R=1.078e+06 |g|=5.519e+04
  iter 160: Jv=1.080e+06 Ja=1.060e+04 R=1.055e+06 |g|=7.117e+04
  iter 180: Jv=1.025e+06 Ja=1.049e+04 R=1.054e+06 |g|=2.794e+04
  iter 200: Jv=9.878e+05 Ja=1.025e+04 R=1.033e+06 |g|=5.918e+04
  iter 220: Jv=9.671e+05 Ja=1.018e+04 R=1.026e+06 |g|=9.602e+04
  iter 240: Jv=9.312e+05 Ja=1.006e+04 R=1.026e+06 |g|=7.999e+04
  iter 260: Jv=9.133e+05 Ja=1.007e+04 R=1.013e+06 |g|=8.963e+04
  iter 280: Jv=8.997e+05 Ja=1.017e+04 R=1.008e+06 |g|=8.225e+04
[brie][[60898,1],0][../../../../../../opal/mca/btl/tcp/btl_tcp.c:559:mca_btl_tcp_recv_blocking] recv(24) failed: Connection reset by peer (104)
  iter 300: Jv=8.957e+05 Ja=1.023e+04 R=9.887e+05 |g|=2.813e+04
  iter 320: Jv=8.947e+05 Ja=1.029e+04 R=9.740e+05 |g|=2.528e+04
  iter 340: Jv=8.877e+05 Ja=1.029e+04 R=9.608e+05 |g|=1.302e+04
  iter 360: Jv=8.809e+05 Ja=1.029e+04 R=9.521e+05 |g|=1.796e+04
  iter 380: Jv=8.724e+05 Ja=1.032e+04 R=9.514e+05 |g|=3.111e+04
  iter 400: Jv=8.678e+05 Ja=1.034e+04 R=9.454e+05 |g|=5.096e+04
  iter 420: Jv=8.626e+05 Ja=1.037e+04 R=9.409e+05 |g|=2.372e+04
  iter 440: Jv=8.597e+05 Ja=1.035e+04 R=9.337e+05 |g|=2.028e+04
  iter 460: Jv=8.552e+05 Ja=1.036e+04 R=9.323e+05 |g|=1.559e+05
  iter 480: Jv=8.480e+05 Ja=1.035e+04 R=9.307e+05 |g|=2.403e+04
  iter 500: Jv=8.449e+05 Ja=1.032e+04 R=9.284e+05 |g|=2.013e+04
  iter 520: Jv=8.441e+05 Ja=1.031e+04 R=9.244e+05 |g|=7.153e+04
  iter 540: Jv=8.406e+05 Ja=1.032e+04 R=9.216e+05 |g|=1.145e+04
  iter 560: Jv=8.385e+05 Ja=1.038e+04 R=9.170e+05 |g|=1.452e+04
Result: STOP: TOTAL NO. OF ITERATIONS REACHED LIMIT (561 evals)

Final: E_vel=8.3859e+05, E_apr=1.0384e+04, R=9.1688e+05
Saved lcurve_hybrid_apres_L5km.h5
Saved lcurve_hybrid_apres_L5km.json
Done!
