============================================================
Hessian eigendecomposition: Hybrid + ApRES (method=gn)
  K=1500 modes, ELL=0 m, eps_fd=1e-05
============================================================
Mesh: 67600 verts, ndof=67600, area=6.096e+10 m²
Sparse velocity: 3309 points
/home/andrew/venv-firedrake/lib/python3.10/site-packages/firedrake/mesh.py:3387: UserWarning: 272 vertices are outside the mesh and have been removed from the VertexOnlyMesh.
  warn(str(error))
Velocity VOM: 3037 points at ζ=1
ApRES VOM: 479 points
MAP: θ_A=[-6.35, 6.20], θ_C=[-2.16, 8.27]
Primed at MAP
Building TapedForward (pyadjoint) at MAP...
  tape blocks: 13
/home/andrew/venv-firedrake/lib/python3.10/site-packages/firedrake/mesh.py:3387: UserWarning: 272 vertices are outside the mesh and have been removed from the VertexOnlyMesh.
  warn(str(error))
Prior (1/N norm): delta=3.292723e-04, gamma_A=8.231808e-05, gamma_C=8.231808e-05

ARPACK eigensolve for 1500 modes...
Loaded v0 from v0_b1c27405799b.npy
Matvec cache: 21 previously computed → matvecs_b1c27405799b.h5
  matvec 21 (replayed from cache)
  matvec 25
  matvec 30
  matvec 35
  matvec 40
  matvec 45
  matvec 50
  matvec 55
  matvec 60
  matvec 65
  matvec 70
  matvec 75
  matvec 80
  matvec 85
  matvec 90
  matvec 95
  matvec 100
  matvec 105
  matvec 110
  matvec 115
  matvec 120
  matvec 125
  matvec 130
  matvec 135
  matvec 140
  matvec 145
  matvec 150
  matvec 155
  matvec 160
  matvec 165
  matvec 170
  matvec 175
  matvec 180
  matvec 185
  matvec 190
  matvec 195
  matvec 200
  matvec 205
  matvec 210
  matvec 215
  matvec 220
  matvec 225
  matvec 230
  matvec 235
  matvec 240
  matvec 245
  matvec 250
  matvec 255
  matvec 260
  matvec 265
  matvec 270
  matvec 275
  matvec 280
  matvec 285
  matvec 290
  matvec 295
  matvec 300
  matvec 305
  matvec 310
  matvec 315
  matvec 320
  matvec 325
  matvec 330
  matvec 335
  matvec 340
  matvec 345
  matvec 350
  matvec 355
  matvec 360
  matvec 365
  matvec 370
  matvec 375
  matvec 380
  matvec 385
  matvec 390
  matvec 395
  matvec 400
  matvec 405
  matvec 410
  matvec 415
  matvec 420
  matvec 425
  matvec 430
  matvec 435
  matvec 440
  matvec 445
  matvec 450
  matvec 455
  matvec 460
  matvec 465
  matvec 470
  matvec 475
  matvec 480
  matvec 485
  matvec 490
  matvec 495
  matvec 500
  matvec 505
  matvec 510
  matvec 515
  matvec 520
  matvec 525
  matvec 530
  matvec 535
  matvec 540
  matvec 545
  matvec 550
  matvec 555
  matvec 560
  matvec 565
  matvec 570
  matvec 575
  matvec 580
  matvec 585
  matvec 590
  matvec 595
  matvec 600
  matvec 605
  matvec 610
  matvec 615
  matvec 620
  matvec 625
  matvec 630
  matvec 635
  matvec 640
  matvec 645
  matvec 650
  matvec 655
  matvec 660
  matvec 665
  matvec 670
  matvec 675
  matvec 680
  matvec 685
  matvec 690
  matvec 695
  matvec 700
  matvec 705
  matvec 710
  matvec 715
  matvec 720
  matvec 725
  matvec 730
  matvec 735
  matvec 740
  matvec 745
  matvec 750
  matvec 755
  matvec 760
  matvec 765
  matvec 770
  matvec 775
  matvec 780
  matvec 785
  matvec 790
  matvec 795
  matvec 800
  matvec 805
  matvec 810
  matvec 815
  matvec 820
  matvec 825
  matvec 830
  matvec 835
  matvec 840
  matvec 845
  matvec 850
  matvec 855
  matvec 860
  matvec 865
  matvec 870
  matvec 875
  matvec 880
  matvec 885
  matvec 890
  matvec 895
  matvec 900
  matvec 905
  matvec 910
  matvec 915
  matvec 920
  matvec 925
  matvec 930
  matvec 935
  matvec 940
  matvec 945
  matvec 950
  matvec 955
  matvec 960
  matvec 965
  matvec 970
  matvec 975
  matvec 980
  matvec 985
  matvec 990
  matvec 995
  matvec 1000
  matvec 1005
  matvec 1010
  matvec 1015
  matvec 1020
  matvec 1025
  matvec 1030
  matvec 1035
  matvec 1040
  matvec 1045
  matvec 1050
  matvec 1055
  matvec 1060
  matvec 1065
  matvec 1070
  matvec 1075
  matvec 1080
  matvec 1085
  matvec 1090
  matvec 1095
  matvec 1100
  matvec 1105
  matvec 1110
  matvec 1115
  matvec 1120
  matvec 1125
  matvec 1130
  matvec 1135
  matvec 1140
  matvec 1145
  matvec 1150
  matvec 1155
  matvec 1160
  matvec 1165
  matvec 1170
  matvec 1175
  matvec 1180
  matvec 1185
  matvec 1190
  matvec 1195
  matvec 1200
  matvec 1205
  matvec 1210
  matvec 1215
  matvec 1220
  matvec 1225
  matvec 1230
  matvec 1235
  matvec 1240
  matvec 1245
  matvec 1250
  matvec 1255
  matvec 1260
  matvec 1265
  matvec 1270
  matvec 1275
  matvec 1280
  matvec 1285
  matvec 1290
  matvec 1295
  matvec 1300
  matvec 1305
  matvec 1310
  matvec 1315
  matvec 1320
  matvec 1325
  matvec 1330
  matvec 1335
  matvec 1340
  matvec 1345
  matvec 1350
  matvec 1355
  matvec 1360
  matvec 1365
  matvec 1370
  matvec 1375
  matvec 1380
  matvec 1385
  matvec 1390
  matvec 1395
  matvec 1400
  matvec 1405
  matvec 1410
  matvec 1415
  matvec 1420
  matvec 1425
  matvec 1430
  matvec 1435
  matvec 1440
  matvec 1445
  matvec 1450
  matvec 1455
  matvec 1460
  matvec 1465
  matvec 1470
  matvec 1475
  matvec 1480
  matvec 1485
  matvec 1490
  matvec 1495
  matvec 1500
  matvec 1505
  matvec 1510
  matvec 1515
  matvec 1520
  matvec 1525
  matvec 1530
  matvec 1535
  matvec 1540
  matvec 1545
  matvec 1550
  matvec 1555
  matvec 1560
  matvec 1565
  matvec 1570
  matvec 1575
  matvec 1580
  matvec 1585
  matvec 1590
  matvec 1595
  matvec 1600
  matvec 1605
  matvec 1610
  matvec 1615
  matvec 1620
  matvec 1625
  matvec 1630
  matvec 1635
  matvec 1640
  matvec 1645
  matvec 1650
  matvec 1655
  matvec 1660
  matvec 1665
  matvec 1670
  matvec 1675
  matvec 1680
  matvec 1685
  matvec 1690
  matvec 1695
  matvec 1700
  matvec 1705
  matvec 1710
  matvec 1715
  matvec 1720
  matvec 1725
  matvec 1730
  matvec 1735
  matvec 1740
  matvec 1745
  matvec 1750
  matvec 1755
  matvec 1760
  matvec 1765
  matvec 1770
  matvec 1775
  matvec 1780
  matvec 1785
  matvec 1790
  matvec 1795
  matvec 1800
  matvec 1805
  matvec 1810
  matvec 1815
  matvec 1820
  matvec 1825
  matvec 1830
  matvec 1835
  matvec 1840
  matvec 1845
  matvec 1850
  matvec 1855
  matvec 1860
  matvec 1865
  matvec 1870
  matvec 1875
  matvec 1880
  matvec 1885
  matvec 1890
  matvec 1895
  matvec 1900
  matvec 1905
  matvec 1910
  matvec 1915
  matvec 1920
  matvec 1925
  matvec 1930
  matvec 1935
  matvec 1940
  matvec 1945
  matvec 1950
  matvec 1955
  matvec 1960
  matvec 1965
  matvec 1970
  matvec 1975
  matvec 1980
  matvec 1985
  matvec 1990
  matvec 1995
  matvec 2000
  matvec 2005
  matvec 2010
  matvec 2015
  matvec 2020
  matvec 2025
  matvec 2030
  matvec 2035
  matvec 2040
  matvec 2045
  matvec 2050
  matvec 2055
  matvec 2060
  matvec 2065
  matvec 2070
  matvec 2075
  matvec 2080
  matvec 2085
  matvec 2090
  matvec 2095
  matvec 2100
  matvec 2105
  matvec 2110
  matvec 2115
  matvec 2120
  matvec 2125
  matvec 2130
  matvec 2135
  matvec 2140
  matvec 2145
  matvec 2150
  matvec 2155
  matvec 2160
  matvec 2165
  matvec 2170
  matvec 2175
  matvec 2180
  matvec 2185
  matvec 2190
  matvec 2195
  matvec 2200
  matvec 2205
  matvec 2210
  matvec 2215
  matvec 2220
  matvec 2225
  matvec 2230
  matvec 2235
  matvec 2240
  matvec 2245
  matvec 2250
  matvec 2255
  matvec 2260
  matvec 2265
  matvec 2270
  matvec 2275
  matvec 2280
  matvec 2285
  matvec 2290
  matvec 2295
  matvec 2300
  matvec 2305
  matvec 2310
  matvec 2315
  matvec 2320
  matvec 2325
  matvec 2330
  matvec 2335
  matvec 2340
  matvec 2345
  matvec 2350
  matvec 2355
  matvec 2360
  matvec 2365
  matvec 2370
  matvec 2375
  matvec 2380
  matvec 2385
  matvec 2390
  matvec 2395
  matvec 2400
  matvec 2405
  matvec 2410
  matvec 2415
  matvec 2420
  matvec 2425
  matvec 2430
  matvec 2435
  matvec 2440
  matvec 2445
  matvec 2450
  matvec 2455
  matvec 2460
  matvec 2465
  matvec 2470
  matvec 2475
  matvec 2480
  matvec 2485
  matvec 2490
  matvec 2495
  matvec 2500
  matvec 2505
  matvec 2510
  matvec 2515
  matvec 2520
  matvec 2525
  matvec 2530
  matvec 2535
  matvec 2540
  matvec 2545
  matvec 2550
  matvec 2555
  matvec 2560
  matvec 2565
  matvec 2570
  matvec 2575
  matvec 2580
  matvec 2585
  matvec 2590
  matvec 2595
  matvec 2600
  matvec 2605
  matvec 2610
  matvec 2615
  matvec 2620
  matvec 2625
  matvec 2630
  matvec 2635
  matvec 2640
  matvec 2645
  matvec 2650
  matvec 2655
  matvec 2660
  matvec 2665
  matvec 2670
  matvec 2675
  matvec 2680
  matvec 2685
  matvec 2690
  matvec 2695
  matvec 2700
  matvec 2705
  matvec 2710
  matvec 2715
  matvec 2720
  matvec 2725
  matvec 2730
  matvec 2735
  matvec 2740
  matvec 2745
  matvec 2750
  matvec 2755
  matvec 2760
  matvec 2765
  matvec 2770
  matvec 2775
  matvec 2780
  matvec 2785
  matvec 2790
  matvec 2795
  matvec 2800
  matvec 2805
  matvec 2810
  matvec 2815
  matvec 2820
  matvec 2825
  matvec 2830
  matvec 2835
  matvec 2840
  matvec 2845
  matvec 2850
  matvec 2855
  matvec 2860
  matvec 2865
  matvec 2870
  matvec 2875
  matvec 2880
  matvec 2885
  matvec 2890
  matvec 2895
  matvec 2900
  matvec 2905
  matvec 2910
  matvec 2915
  matvec 2920
  matvec 2925
  matvec 2930
  matvec 2935
  matvec 2940
  matvec 2945
  matvec 2950
  matvec 2955
  matvec 2960
  matvec 2965
  matvec 2970
  matvec 2975
  matvec 2980
  matvec 2985
  matvec 2990
  matvec 2995
  matvec 3000

Leading eigenvalues: [113362.81330934  58715.86205307  49143.68317392  37945.51392579
  37422.23843975  29357.45256233  19063.46127157  18826.92005336
  18191.11474614  15251.34838216]
Positive modes: 1500 / 1500
Effective constrained parameters: 933.8
Saved /home/andrew/projects/vertical_velocity/results/eigenvalues.txt
Saved /home/andrew/projects/vertical_velocity/results/eigenvectors.npz (1500 positive modes)
Saved /home/andrew/projects/vertical_velocity/mesh/eigendec.h5 (100 modes as MixedFunctions)
Saved /home/andrew/projects/vertical_velocity/results/prior_params.json
Done!
WARNING! There are options you set that were not used!
WARNING! could be spelling mistake, etc!
There are 4 unused database options. They are:
Option left: name:--K value: 1500 source: command line
Option left: name:--method value: gn source: command line
Option left: name:-K value: 1500 source: code
Option left: name:-method value: gn source: code
