============================================================
L-curve: Hybrid + ApRES, ELL = 3.0 km (3000 m) (hires, vdeg=1, 500 iters)
  Recinos prior: δ=1.000e-05, γ=9.000e+01  (no 1/N normalization)
  Warm-start from inversion_hires_apres_vd1.h5
============================================================
Mesh: 67600 verts
  Sparse velocity: 330889 points (VOM after extrusion)
/home/andrew/venv-firedrake/lib/python3.10/site-packages/firedrake/mesh.py:3387: UserWarning: 26417 vertices are outside the mesh and have been removed from the VertexOnlyMesh.
  warn(str(error))
  Velocity VOM: 304472 points at ζ=1
Warm start from inversion_hires_apres_vd1.h5: θ_A=[-3.43, 2.25], θ_C=[-1.68, 9.75]
Primed OK
ApRES: 479 VOM points (N_apr=479)

L-BFGS-B (135200 DOFs, 500 iters)...
/home/andrew/projects/vertical_velocity/scripts/lcurve_hybrid_apres.py:316: OptimizeWarning: Unknown solver options: pgtol
  result = scipy_minimize(
  iter  20: Jv=2.844e+06 Ja=7.733e+03 R=9.730e+05 |g|=1.439e+05
  iter  40: Jv=1.805e+06 Ja=9.651e+03 R=9.412e+05 |g|=6.930e+04
  iter  60: Jv=1.627e+06 Ja=9.146e+03 R=8.713e+05 |g|=4.947e+05
  iter  80: Jv=1.249e+06 Ja=9.130e+03 R=8.600e+05 |g|=4.449e+04
  iter 100: Jv=1.141e+06 Ja=9.358e+03 R=8.446e+05 |g|=9.969e+04
  iter 120: Jv=1.073e+06 Ja=9.271e+03 R=8.321e+05 |g|=6.964e+04
  iter 140: Jv=9.934e+05 Ja=9.351e+03 R=8.426e+05 |g|=3.351e+04
  iter 160: Jv=9.572e+05 Ja=9.352e+03 R=8.418e+05 |g|=3.827e+04
  iter 180: Jv=9.223e+05 Ja=9.340e+03 R=8.428e+05 |g|=5.308e+04
  iter 200: Jv=8.933e+05 Ja=9.275e+03 R=8.422e+05 |g|=1.499e+05
  iter 220: Jv=8.534e+05 Ja=9.174e+03 R=8.463e+05 |g|=6.054e+04
  iter 240: Jv=8.272e+05 Ja=9.096e+03 R=8.524e+05 |g|=1.773e+04
  iter 260: Jv=8.006e+05 Ja=9.003e+03 R=8.594e+05 |g|=3.984e+04
  iter 280: Jv=7.901e+05 Ja=9.026e+03 R=8.532e+05 |g|=1.070e+05
  iter 300: Jv=7.955e+05 Ja=9.079e+03 R=8.470e+05 |g|=3.900e+05
  iter 320: Jv=7.703e+05 Ja=9.122e+03 R=8.455e+05 |g|=3.005e+04
  iter 340: Jv=7.560e+05 Ja=9.119e+03 R=8.494e+05 |g|=1.881e+04
  iter 360: Jv=7.412e+05 Ja=9.123e+03 R=8.514e+05 |g|=2.762e+04
  iter 380: Jv=7.288e+05 Ja=9.137e+03 R=8.524e+05 |g|=2.415e+04
  iter 400: Jv=7.152e+05 Ja=9.144e+03 R=8.558e+05 |g|=1.910e+04
  iter 420: Jv=7.061e+05 Ja=9.151e+03 R=8.577e+05 |g|=1.661e+04
  iter 440: Jv=7.023e+05 Ja=9.126e+03 R=8.536e+05 |g|=8.231e+04
  iter 460: Jv=6.955e+05 Ja=9.115e+03 R=8.536e+05 |g|=5.106e+04
  iter 480: Jv=6.937e+05 Ja=9.104e+03 R=8.497e+05 |g|=9.334e+03
  iter 500: Jv=6.939e+05 Ja=9.090e+03 R=8.453e+05 |g|=1.227e+04
  iter 520: Jv=6.916e+05 Ja=9.074e+03 R=8.432e+05 |g|=2.617e+04
  iter 540: Jv=6.865e+05 Ja=9.065e+03 R=8.435e+05 |g|=1.189e+04
Result: STOP: TOTAL NO. OF ITERATIONS REACHED LIMIT (556 evals)

Final: E_vel=6.8384e+05, E_apr=9.0540e+03, R=8.4176e+05
Saved lcurve_hybrid_apres_L3km.h5
Saved lcurve_hybrid_apres_L3km.json
Done!
