============================================================
L-curve: Hybrid + ApRES, ELL = 2.0 km (2000 m) (hires, vdeg=1, 500 iters)
  Recinos prior: δ=1.000e-05, γ=4.000e+01  (no 1/N normalization)
  Warm-start from inversion_hires_apres_vd1.h5
============================================================
Mesh: 67600 verts
  Sparse velocity: 330889 points (VOM after extrusion)
/home/andrew/venv-firedrake/lib/python3.10/site-packages/firedrake/mesh.py:3387: UserWarning: 26417 vertices are outside the mesh and have been removed from the VertexOnlyMesh.
  warn(str(error))
  Velocity VOM: 304472 points at ζ=1
Warm start from inversion_hires_apres_vd1.h5: θ_A=[-3.43, 2.25], θ_C=[-1.68, 9.75]
Primed OK
ApRES: 479 VOM points (N_apr=479)

L-BFGS-B (135200 DOFs, 500 iters)...
/home/andrew/projects/vertical_velocity/scripts/lcurve_hybrid_apres.py:316: OptimizeWarning: Unknown solver options: pgtol
  result = scipy_minimize(
  iter  20: Jv=2.770e+06 Ja=7.899e+03 R=6.602e+05 |g|=1.283e+05
  iter  40: Jv=1.821e+06 Ja=9.294e+03 R=7.181e+05 |g|=2.080e+05
  iter  60: Jv=1.549e+06 Ja=9.078e+03 R=7.200e+05 |g|=1.389e+05
  iter  80: Jv=1.336e+06 Ja=8.736e+03 R=7.140e+05 |g|=2.098e+05
  iter 100: Jv=1.193e+06 Ja=8.621e+03 R=7.197e+05 |g|=3.905e+04
  iter 120: Jv=1.068e+06 Ja=8.797e+03 R=7.444e+05 |g|=7.018e+04
  iter 140: Jv=1.004e+06 Ja=8.825e+03 R=7.523e+05 |g|=6.104e+04
  iter 160: Jv=1.209e+06 Ja=8.673e+03 R=7.581e+05 |g|=1.637e+06
  iter 180: Jv=9.134e+05 Ja=8.500e+03 R=7.402e+05 |g|=4.297e+05
  iter 200: Jv=8.334e+05 Ja=8.418e+03 R=7.549e+05 |g|=3.606e+04
  iter 220: Jv=8.080e+05 Ja=8.402e+03 R=7.616e+05 |g|=3.128e+04
  iter 240: Jv=7.866e+05 Ja=8.302e+03 R=7.623e+05 |g|=1.484e+04
  iter 260: Jv=7.766e+05 Ja=8.202e+03 R=7.568e+05 |g|=6.221e+04
  iter 280: Jv=7.462e+05 Ja=8.125e+03 R=7.626e+05 |g|=2.778e+04
  iter 300: Jv=7.282e+05 Ja=8.029e+03 R=7.626e+05 |g|=1.762e+04
  iter 320: Jv=7.196e+05 Ja=7.997e+03 R=7.609e+05 |g|=6.529e+04
  iter 340: Jv=7.101e+05 Ja=7.975e+03 R=7.582e+05 |g|=3.257e+04
  iter 360: Jv=6.980e+05 Ja=7.933e+03 R=7.608e+05 |g|=1.298e+05
  iter 380: Jv=6.927e+05 Ja=7.925e+03 R=7.707e+05 |g|=3.474e+05
  iter 400: Jv=7.079e+05 Ja=7.937e+03 R=7.653e+05 |g|=8.769e+05
  iter 420: Jv=6.563e+05 Ja=7.958e+03 R=7.683e+05 |g|=1.267e+04
  iter 440: Jv=6.434e+05 Ja=8.016e+03 R=7.699e+05 |g|=1.136e+05
  iter 460: Jv=6.366e+05 Ja=8.019e+03 R=7.693e+05 |g|=6.455e+04
  iter 480: Jv=6.392e+05 Ja=7.994e+03 R=7.607e+05 |g|=8.907e+04
  iter 500: Jv=6.341e+05 Ja=7.993e+03 R=7.597e+05 |g|=1.607e+04
  iter 520: Jv=6.277e+05 Ja=7.991e+03 R=7.598e+05 |g|=1.087e+04
  iter 540: Jv=6.210e+05 Ja=8.000e+03 R=7.611e+05 |g|=3.457e+04
  iter 560: Jv=6.140e+05 Ja=8.004e+03 R=7.636e+05 |g|=2.863e+04
Result: STOP: TOTAL NO. OF ITERATIONS REACHED LIMIT (565 evals)

Final: E_vel=6.1330e+05, E_apr=8.0040e+03, R=7.6353e+05
Saved lcurve_hybrid_apres_L2km.h5
Saved lcurve_hybrid_apres_L2km.json
Done!
